test.c:85:6:test	8	static
test.c:138:13:testMenu	72	static
test.c:189:13:testLED	8	static
test.c:202:13:testPushButton	8	static
test.c:212:13:testVCP	16	static
test.c:227:13:testUSART6	16	static
test.c:242:13:testLCD	48	static
test.c:298:13:testTouchscreen	72	static
test.c:371:13:drawBigPixel	16	static
test.c:385:13:drawBiggerPixel	16	static
test.c:397:13:drawButton	56	static
test.c:426:12:isTouch	32	static
test.c:449:13:consoleLog	40	static
test.c:457:6:testold	8	static
test.c:511:13:testAUDIO	4	static
test.c:520:13:testCMSIS_DSP	408	static
test.c:536:13:testFFT	3104	static
test.c:575:13:uiSimple	24	static
test.c:595:13:testQSPI	8	static
test.c:641:13:testSDRAM	8	static
test.c:671:13:testSDRAM_DMA	8	static
test.c:712:13:Fill_Buffer	32	static
test.c:722:13:Fill_Buffer32	32	static
test.c:737:16:Buffercmp	24	static
test.c:751:16:Buffercmp32	24	static
